Black Myth Wukong là một tựa game nhập vai hoàn toàn mới, đang gây sốt trong cộng đồng game thủ và tạo ra một làn sóng hứng khởi khổng lồ
To Kill a Mockingbird (Giết con chim nhại) nằm trong top những cuốn sách nước ngoài hay, bạn không nên bỏ qua tác phẩm Giết con chim nhại 
Cách chế biến làm đế bánh pizza: Cho 225 gram bột mì, 150ml nước và 3 gram men nở  vào âu lớn
Địa đạo Củ Chi ở TPHồ Chí Minh, Việt Nam, là hệ thống địa đạo chiến tranh ấn tượng, là minh chứng cho lòng kiên trì và sáng tạo của nhân dân Việt Nam trong cuộc chiến tranh, thu hút du khách quốc tế tìm hiểu về lịch sử đặc biệt này
Avatar 2 - Dòng chảy của nước là bộ phim hành động Mỹ hay nhất thuộc thể loại khoa học viễn tưởng
Bố già - The Godfather, bộ phim đưa người xem tới những góc khuất của thế giới mafia tàn độc với cảnh quay vô cùng sinh động, hấp dẫn và nhiều phen khiến người xem phải thót tim
Cuốn theo chiều gió - Gone With the Wind (1939) phim kể về câu chuyện về một phụ nữ quý tộc miền Nam, vật lộn tìm cách sống sót qua cơn bão táp của cuộc nội chiến và thời kỳ tái thiết
Để làm phần vỏ bánh su kem ta cần cho vào nồi với 100ml sữa tươi không đường, 100ml nước, 60gram bơ lạt, 20ml sữa đặc, 1gram muối, 1/2 muỗng canh tinh chất vani
Tía má đang mần chi vậy Sao con gọi điện hoài mà hỏng có được
Mới nhất là trường hợp của nhân vật Kazuha trong Genshin Impact được so sánh có nhiều nét tương đồng với vị tướng Yasuo trong liên minh huyền thoại
x sát thủ xinh đẹp không thể bỏ qua dành cho tân thủ của Liên Quân
Samsung Galaxy S24 FE trang bị chip Exynos 2400e, dung lượng RAM lên đến 8GB và ROM 128GB
Samsung chính thức giới thiệu Galaxy Tab S10 Ultra và Galaxy Tab S10+, dòng máy tính bảng đầu tiên của Samsung được thiết kế với tính năng AI 
Giải thích ý nghĩa thành ngữ "Rán sành ra mỡ" nói về điều gì
Dân gian có câu "người chửa cửa mả" để nói đến mức độ nguy hiểm khi sinh con
Cái tên được nhắc đến đầu tiên trong top phim hay nhất là The Dark Knight, là phần nối tiếp bộ phim hot ăn khách Batman Begins
Kẻ đánh cắp giấc mơ – Inception là bộ phim bom tấn của năm 2010, nhận được nhiều lời khen ngợi từ khán giả cũng như các nhà phê bình điện ảnh
Hiện MBBank đang cho vay với mức lãi suất kỳ hạn 1 năm là 5%/năm, kỳ hạn 2 năm là 63%/năm và kỳ hạn 3-5 năm là 65%/năm
Chúng tôi thích những bộ phim có âm thanh lôi cuốn, như 'The Secret Life of Pets' trên Netflix
Từ năm 2016, ăng-ten sẽ chính thức bị “khai tử” ở Hà Nội 
Bạn có muốn thử một loại cheeseburger mới không
Cô ấy vừa đăng ký một lớp yoga mới từ giáo viên người Ấn Độ
Đắc nhân tâm (How to win Friends and Influence People) là quyển sách liên tục đứng đầu danh mục sách bán chạy nhất do báo The New York Times bình chọn suốt 10 năm liền 
Pride and Prejudice : Kiêu hãnh và định kiến là một trong số tác phẩm văn học kinh điển đã được chuyển thể thành phim, do một nữ nhà văn sáng tác
Mỗi khi đi du lịch, tôi thích sử dụng GPS để dễ dàng định vị đường đi
Vạn Lý Trường Thành ở Trung Quốc là một công trình kỳ diệu, đại diện cho sự kiên nhẫn và sức mạnh của dân tộc Trung Hoa
Để viết 1 bài báo bạn cần tìm hiểu kỹ thông tin về địa điểm du lịch mà bạn muốn viết Bạn cũng cần có kỹ năng viết bài và chụp ảnh
 Quầy thông tin du lịch thường nằm ở phố Đinh Tiên Hoàng hoặc phố Lê Thái Tổ, bạn sẽ dễ dàng tìm thấy
Cosplay contest chính thức đổ bộ đến Aeon Mall Bình Tân Đây là môi trường giúp các cosplayer thỏa sức hóa trang
Mario là một trong những nhân vật hư cấu trong trò chơi điện tử cùng tên nổi tiếng nhất mọi thời đại Nhân vật này luôn xuất hiện trong tâm trí của chúng ta đầu tiên mỗi khi nhắc đến các trò chơi thời thơ ấu 
1 Điện thoại của tao vừa bị sọc màn hình + phồng pin hôm qua xong, đen thế
2 Tháng 8 nhà tao đi Đà Nẵng, mày rủ người yêu đi cùng nhà tao không"
Bây giờ là mấy giờ rồi Tôi cần phải đi làm ngay bây giờ
Mùa thu là mùa tôi thích nhất vì thời tiết mát mẻ và lá cây bắt đầu thay màu, tạo nên khung cảnh tuyệt đẹp
Ngày xưa mong muốn đc nuôi 1 e panda Giờ biết giá rồi thì tôi đã tỉnh lại, k còn mơ mộng nữa
Món phở bò này siu ngon
Kiểm tra hộ mình cái này với Không hiểu sao máy không mở được
"Nắng đã lên cao, cánh đồng lúa bây giờ ánh lên màu xanh pha vàng tươi sáng Xa xa, đàn cò trắng bay rập rờn càng làm tăng thêm vẻ đẹp của đồng quê Ngắm nhìn đồng lúa quê mình hứa hẹn một vụ mùa bội thu lòng em lâng lâng một niềm vui khó tả
Cơn mưa đêm qua tại Hà Nội đã khiến nhiều người mất ngủ, và sáng nay sẽ là mất nửa ngày công 
"Cuối tuần mọi người rảnh không 
Làm cái hẹn gặp nhau chứ nhỉ "
"Hôm nay tôi đang đi làm thì trời đột nhiên mưa rất to
Mùa thu đã đến, thời tiết rất mát mẻ và dễ chịu"
Hôm qua bạn ăn gì Tối nay bạn có đi đâu chơi không
"Chiếc điện thoại này quá phù hợp với nhu cầu sử dụng của tôi
Món ăn này trông thật hấp dẫn"
"Bạn có ổn không
Bạn thích màu gì "
"Ô nhiễm ko khí - tác nhân gây ra gần 7 tr ca tử vong mỗi năm, là một trg những mối đe doạ lớn nhất đối vs sức khoẻ toàn cầu
Sức khoẻ và tgian là thứ quý giá nhất đối vs mỗi cta
Hôm nay tôi đi làm muộn Do tôi ăn sáng quá lâu và tắc đường
"Con chó này thật đáng yêu
Cuộc sống thật ý nghĩa biết bao"
Chúng tôi ăn phải thức ăn còn sống Nó thật sự rất không vui
"Buổi sáng hôm nay, trời có mưa, tôi đi làm muộn
Mặt trời đã lên cao, mọi người bắt đầu công việc của mình"
"Cuối tuần đi chơi không
Sao bạn nói nhiều thế"
Cái này mua ở đâu thế  Cho mình xin địa chỉ với 
Làm ơn kiểm tra Zalo đi
Bạn check mess của mình nhé
Chúng tôi làm việc ở SRV
Văn phòng mới của chúng ta sẽ đặt tại Star Lake, Tây Hồ
Uống rượu thì nhớ gọi Grab về nhé
Bạn chuyển khoản qua Timo được không
Muốn mua gì thì lên shopee mà tìm
Tớ mua được cuốn sách trên Tiki rẻ lắm
Chương trình đường lên đỉnh Olympia rất hay
đi taxi thì chọn Be cho rẻ
Gọi Zalo cho tớ đi
Tin nhắn ở Mess bị trôi rồi, tao không tìm thấy
Giờ chỉ dùng Viettel Pay mà chuyển khoản cho nhanh thôi
Bạn có VN Pay không Quét mã QR qua cho tớ
Mãi mà chẳng thấy nó đến, đi Xanh SM kiểu gì không biết
Mai Linh với Taxi Group, cái nào công ty mình thanh toán cho hóa đơn được thế
Ngày 10/10 sale cực lớn, nhiều mã giá 0 đồng, lên Shopee ngay
Cuối tuần leo Fan không các bạn
Cuối tuần cho các con đi tini world chơi vợ nhé
đặt đồ ăn trên grab cũng tiện
Độ dày của một tấm thẻ tín dụng khoảng 0,76 mm
Mực nước trên sông Cầu tại trạm Gia Bảy 2688 cm, thấp hơn báo động III 12cm
Cơn bão đã khiến ăng ten nhà tôi bị xoay làm cho ti vi bị mất tín hiệu
Giáng sinh năm nay gia đình tôi cùng nhau đi ăn buffet
Vua Lý Thái Tổ đã rời đô từ Hoa Lư về Đại La và đặt tên thành là Thăng Long
Thác Bản Giốc ở Cao Bằng có những điều gì đặc biệt thu hút du khách
Một chiếc bánh mì ốp hột gà với sốt cà chua thơm ngon đã trở thành một lựa chọn ưa thích của gia đình
Họ tổ chức một bữa tiệc để ăn mừng, và nhiều người đã say xỉn cho đến sáng hôm sau
 Cả nhóm bạn trai này đều là những soái ca đích thực
Á à, kêu mãi keo mà nay đường đứa nào đứa đó đi rồi hả bé
Cô Tô cũng nổi tiếng với hải sản tươi ngon, đặc biệt là sò điệp
Mình nghĩ nên trải nghiệm văn hóa địa phương khi đến đảo
Xe bus đang đứng lại lâu quá, có vẻ như có vấn đề gì đó
Có một hành khách gặp vấn đề sức khỏe nên chúng tôi phải đợi cấp cứu đến
Đúng đó Nội dung chia sẻ sẽ giúp chúng ta xây dựng uy tín chuyên môn và thu hút sự chú ý
Mình sẽ phát triển nội dung giá trị và tham gia tích cực trong các diễn đàn và cộng đồng để tạo ra sự tương tác và kết nối
Chúng ta nên khám phá vùng quê xanh Mộc Châu bằng xe đạp
Tuyệt Tôi thích cảm giác thoải mái và gần gũi với thiên nhiên
À, tôi còn có bán cá chép sống, cúng xong phóng sinh để ông, bà Táo bay về trời đó 
Vậy bạn nên thử món Pad Thái, nó là món mì xào rất ngon lành
Có bài 'Anh Đếch Cần Gì Nhiều Ngoài Em' của Đen Vâu Lời khá sâu sắc và âm nhạc phối hợp tốt
Nghe hay đấy, mình sẽ thêm vào danh sách nghe của mình Cảm ơn bạn nhiều
Ở Hà Giang còn dinh thự vua Mèo, cánh đồng hoa cải, hay là nhà của Pao nữa
Loại hình du lịch nào phát triển ở khu vực Đồng bằng sông Cửu Long vậy
Tôi muốn đặt 1 chiếc ốp nhựa dẻo trong, 1 chiếc ốp da
Giao cho mình về địa chỉ a12 đường Gia Lâm Hà Nội
Không cắt tóc vào ngày đầu tháng đâu, có thờ có thiêng, có kiêng có lành
Cha muốn con hay, thầy muốn trò khá chứ chẳng ai muốn hại con cả
Dòng sản phẩm Galaxy Ring mới ra mắt của Samsung là thiết bị theo dõi sức khỏe dạng nhẫn với nhiều tính năng
Galaxy Tab S8 Ultra với chế độ 120Hz giúp trải nghiệm xem video và chơi game mượt mà